2026-03-08 10:24:15,218 [INFO] --- Begining ALC Risk Assessment Tool System 
2026-03-08 10:24:15,219 [INFO] The email have load 3 list.
2026-03-08 10:24:15,219 [INFO] Checking BreachDirectory for: mike.catlin@polarcapital.co.uk
2026-03-08 10:24:15,411 [ERROR] BreachDirectory API Error for mike.catlin@polarcapital.co.uk: 429 Client Error: Too Many Requests for url: https://breachdirectory.p.rapidapi.com/?func=auto&term=mike.catlin%40polarcapital.co.uk
2026-03-08 10:24:15,413 [INFO] Checking BreachDirectory for: admin@steel-gamers.ru
2026-03-08 10:24:15,558 [ERROR] BreachDirectory API Error for admin@steel-gamers.ru: 429 Client Error: Too Many Requests for url: https://breachdirectory.p.rapidapi.com/?func=auto&term=admin%40steel-gamers.ru
2026-03-08 10:24:15,559 [INFO] Checking BreachDirectory for: admin@belfast.ac.uk
2026-03-08 10:24:15,740 [ERROR] BreachDirectory API Error for admin@belfast.ac.uk: 429 Client Error: Too Many Requests for url: https://breachdirectory.p.rapidapi.com/?func=auto&term=admin%40belfast.ac.uk
2026-03-08 10:24:15,743 [INFO] save the result in output_result.csv successful.
2026-03-08 10:24:15,743 [INFO]  Testing is successful, Check result at output_result.csv
2026-03-08 10:25:30,075 [INFO] --- Begining ALC Risk Assessment Tool System 
2026-03-08 10:25:30,076 [INFO] The email have load 3 list.
2026-03-08 10:25:30,076 [INFO] Checking Intelligence X for: mike.catlin@polarcapital.co.uk
2026-03-08 10:25:30,233 [ERROR] API Error for mike.catlin@polarcapital.co.uk: 404 Client Error: Not Found for url: https://free.intelx.io/intelligent/search/
2026-03-08 10:25:30,235 [INFO] Checking Intelligence X for: admin@steel-gamers.ru
2026-03-08 10:25:30,376 [ERROR] API Error for admin@steel-gamers.ru: 404 Client Error: Not Found for url: https://free.intelx.io/intelligent/search/
2026-03-08 10:25:30,378 [INFO] Checking Intelligence X for: admin@belfast.ac.uk
2026-03-08 10:25:30,516 [ERROR] API Error for admin@belfast.ac.uk: 404 Client Error: Not Found for url: https://free.intelx.io/intelligent/search/
2026-03-08 10:25:30,518 [INFO] save the result in output_result.csv successful.
2026-03-08 10:25:30,518 [INFO]  Testing is successful, Check result at output_result.csv
2026-03-08 10:42:59,099 [INFO] --- Begining ALC Risk Assessment Tool System 
2026-03-08 10:42:59,099 [INFO] The email have load 3 list.
2026-03-08 10:42:59,099 [INFO] Checking Intelligence X for: mike.catlin@polarcapital.co.uk
2026-03-08 10:43:09,276 [ERROR] API Error for mike.catlin@polarcapital.co.uk: 401 Client Error: Unauthorized for url: https://free.intelx.io//intelligent/search
2026-03-08 10:43:09,278 [INFO] Checking Intelligence X for: admin@steel-gamers.ru
2026-03-08 10:43:16,485 [ERROR] API Error for admin@steel-gamers.ru: 401 Client Error: Unauthorized for url: https://free.intelx.io//intelligent/search
2026-03-08 10:43:16,489 [INFO] Checking Intelligence X for: admin@belfast.ac.uk
2026-03-08 10:43:16,627 [ERROR] API Error for admin@belfast.ac.uk: ('Connection aborted.', RemoteDisconnected('Remote end closed connection without response'))
2026-03-08 10:43:16,629 [INFO] save the result in output_result.csv successful.
2026-03-08 10:43:16,629 [INFO]  Testing is successful, Check result at output_result.csv
2026-03-08 10:43:58,502 [INFO] --- Begining ALC Risk Assessment Tool System 
2026-03-08 10:43:58,503 [INFO] The email have load 3 list.
2026-03-08 10:43:58,503 [INFO] Checking Intelligence X for: mike.catlin@polarcapital.co.uk
2026-03-08 10:43:58,646 [ERROR] API Error for mike.catlin@polarcapital.co.uk: ('Connection aborted.', RemoteDisconnected('Remote end closed connection without response'))
2026-03-08 10:43:58,646 [INFO] Checking Intelligence X for: admin@steel-gamers.ru
2026-03-08 10:43:58,778 [ERROR] API Error for admin@steel-gamers.ru: ('Connection aborted.', RemoteDisconnected('Remote end closed connection without response'))
2026-03-08 10:43:58,778 [INFO] Checking Intelligence X for: admin@belfast.ac.uk
2026-03-08 10:43:58,914 [ERROR] API Error for admin@belfast.ac.uk: ('Connection aborted.', RemoteDisconnected('Remote end closed connection without response'))
2026-03-08 10:43:58,915 [INFO] save the result in output_result.csv successful.
2026-03-08 10:43:58,915 [INFO]  Testing is successful, Check result at output_result.csv
2026-03-08 10:48:25,777 [INFO] --- Begining ALC Risk Assessment Tool System 
2026-03-08 10:48:25,778 [INFO] The email have load 3 list.
2026-03-08 10:48:25,778 [INFO] Checking Intelligence X for: mike.catlin@polarcapital.co.uk
2026-03-08 10:48:35,955 [ERROR] API Error for mike.catlin@polarcapital.co.uk: 401 Client Error: Unauthorized for url: https://public.intelx.io/intelligent/search
2026-03-08 10:48:35,957 [INFO] Checking Intelligence X for: admin@steel-gamers.ru
2026-03-08 10:48:43,149 [ERROR] API Error for admin@steel-gamers.ru: 401 Client Error: Unauthorized for url: https://public.intelx.io/intelligent/search
2026-03-08 10:48:43,151 [INFO] Checking Intelligence X for: admin@belfast.ac.uk
2026-03-08 10:48:43,288 [ERROR] API Error for admin@belfast.ac.uk: 401 Client Error: Unauthorized for url: https://public.intelx.io/intelligent/search
2026-03-08 10:48:43,291 [INFO] save the result in output_result.csv successful.
2026-03-08 10:48:43,291 [INFO]  Testing is successful, Check result at output_result.csv
2026-03-08 10:49:49,301 [INFO] --- Begining ALC Risk Assessment Tool System 
2026-03-08 10:49:49,302 [INFO] The email have load 3 list.
2026-03-08 10:49:49,302 [INFO] Checking Intelligence X for: mike.catlin@polarcapital.co.uk
2026-03-08 10:49:49,456 [ERROR] API Error for mike.catlin@polarcapital.co.uk: 401 Client Error: Unauthorized for url: https://public.intelx.io/intelligent/search
2026-03-08 10:49:49,457 [INFO] Checking Intelligence X for: admin@steel-gamers.ru
2026-03-08 10:49:49,597 [ERROR] API Error for admin@steel-gamers.ru: 401 Client Error: Unauthorized for url: https://public.intelx.io/intelligent/search
2026-03-08 10:49:49,597 [INFO] Checking Intelligence X for: admin@belfast.ac.uk
2026-03-08 10:49:49,737 [ERROR] API Error for admin@belfast.ac.uk: 401 Client Error: Unauthorized for url: https://public.intelx.io/intelligent/search
2026-03-08 10:49:49,739 [INFO] save the result in output_result.csv successful.
2026-03-08 10:49:49,739 [INFO]  Testing is successful, Check result at output_result.csv
2026-03-08 10:52:06,707 [INFO] --- Begining ALC Risk Assessment Tool System 
2026-03-08 10:52:06,707 [INFO] The email have load 3 list.
2026-03-08 10:52:06,707 [INFO] Checking Intelligence X for: mike.catlin@polarcapital.co.uk
2026-03-08 10:52:16,888 [ERROR] API Error for mike.catlin@polarcapital.co.uk: 401 Client Error: Unauthorized for url: https://2.intelx.io/intelligent/search
2026-03-08 10:52:16,890 [INFO] Checking Intelligence X for: admin@steel-gamers.ru
2026-03-08 10:52:24,093 [ERROR] API Error for admin@steel-gamers.ru: 401 Client Error: Unauthorized for url: https://2.intelx.io/intelligent/search
2026-03-08 10:52:24,097 [INFO] Checking Intelligence X for: admin@belfast.ac.uk
2026-03-08 10:52:24,239 [ERROR] API Error for admin@belfast.ac.uk: 401 Client Error: Unauthorized for url: https://2.intelx.io/intelligent/search
2026-03-08 10:52:24,242 [INFO] save the result in output_result.csv successful.
2026-03-08 10:52:24,242 [INFO]  Testing is successful, Check result at output_result.csv
2026-03-08 11:04:02,110 [INFO] --- Begining ALC Risk Assessment Tool System 
2026-03-08 11:04:02,110 [INFO] The email have load 3 list.
2026-03-08 11:04:02,110 [INFO] Checking Intelligence X for: mike.catlin@polarcapital.co.uk
2026-03-08 11:04:12,272 [ERROR] API Error for mike.catlin@polarcapital.co.uk: 401 Client Error: Unauthorized for url: https://public.intelx.io/intelligent/search
2026-03-08 11:04:12,273 [INFO] Checking Intelligence X for: admin@steel-gamers.ru
2026-03-08 11:04:19,470 [ERROR] API Error for admin@steel-gamers.ru: 401 Client Error: Unauthorized for url: https://public.intelx.io/intelligent/search
2026-03-08 11:04:19,473 [INFO] Checking Intelligence X for: admin@belfast.ac.uk
2026-03-08 11:04:19,630 [ERROR] API Error for admin@belfast.ac.uk: 401 Client Error: Unauthorized for url: https://public.intelx.io/intelligent/search
2026-03-08 11:04:19,632 [INFO] save the result in output_result.csv successful.
2026-03-08 11:04:19,632 [INFO]  Testing is successful, Check result at output_result.csv
2026-03-08 11:19:25,867 [INFO] --- Begining ALC Risk Assessment Tool System 
2026-03-08 11:19:25,868 [INFO] The email have load 3 list.
2026-03-08 11:19:25,868 [ERROR] Intelligence X API Key missing!
2026-03-08 11:26:45,514 [INFO] --- Begining ALC Risk Assessment Tool System 
2026-03-08 11:26:45,515 [INFO] The email have load 3 list.
2026-03-08 11:26:45,515 [INFO] Searching IntelX for: mike.catlin@polarcapital.co.uk
2026-03-08 11:32:48,695 [INFO] --- Begining ALC Risk Assessment Tool System 
2026-03-08 11:32:48,696 [INFO] The email have load 3 list.
2026-03-08 11:41:53,266 [INFO] --- Begining ALC Risk Assessment Tool System 
2026-03-08 11:41:53,266 [INFO] The email have load 3 list.
2026-03-08 11:55:17,331 [INFO] --- Begining ALC Risk Assessment Tool System 
2026-03-08 11:55:17,332 [INFO] The email have load 3 list.
2026-03-08 11:55:17,332 [INFO] Checking Intelligence X for: mike.catlin@polarcapital.co.uk
2026-03-08 11:55:27,511 [ERROR] API Error for mike.catlin@polarcapital.co.uk: 401 Client Error: Unauthorized for url: https://public.intelx.io/intelligent/search
2026-03-08 11:55:27,512 [INFO] Checking Intelligence X for: admin@steel-gamers.ru
2026-03-08 11:55:34,706 [ERROR] API Error for admin@steel-gamers.ru: 401 Client Error: Unauthorized for url: https://public.intelx.io/intelligent/search
2026-03-08 11:55:34,709 [INFO] Checking Intelligence X for: admin@belfast.ac.uk
2026-03-08 11:55:34,849 [ERROR] API Error for admin@belfast.ac.uk: 401 Client Error: Unauthorized for url: https://public.intelx.io/intelligent/search
2026-03-08 11:55:34,854 [INFO] save the result in output_result.csv successful.
2026-03-08 11:55:34,854 [INFO]  Testing is successful, Check result at output_result.csv
2026-03-08 11:56:00,297 [INFO] --- Begining ALC Risk Assessment Tool System 
2026-03-08 11:56:00,298 [INFO] The email have load 3 list.
2026-03-08 11:56:00,298 [INFO] Checking BreachDirectory for: mike.catlin@polarcapital.co.uk
2026-03-08 11:56:00,862 [ERROR] BreachDirectory API Error for mike.catlin@polarcapital.co.uk: 403 Client Error: Forbidden for url: https://breachdirectory.p.rapidapi.com/?func=auto&term=mike.catlin%40polarcapital.co.uk
2026-03-08 11:56:00,865 [INFO] Checking BreachDirectory for: admin@steel-gamers.ru
2026-03-08 11:56:01,003 [ERROR] BreachDirectory API Error for admin@steel-gamers.ru: 429 Client Error: Too Many Requests for url: https://breachdirectory.p.rapidapi.com/?func=auto&term=admin%40steel-gamers.ru
2026-03-08 11:56:01,005 [INFO] Checking BreachDirectory for: admin@belfast.ac.uk
2026-03-08 11:56:01,150 [ERROR] BreachDirectory API Error for admin@belfast.ac.uk: 429 Client Error: Too Many Requests for url: https://breachdirectory.p.rapidapi.com/?func=auto&term=admin%40belfast.ac.uk
2026-03-08 11:56:01,153 [INFO] save the result in output_result.csv successful.
2026-03-08 11:56:01,154 [INFO]  Testing is successful, Check result at output_result.csv
2026-03-08 11:57:36,452 [INFO] --- Begining ALC Risk Assessment Tool System 
2026-03-08 11:57:36,453 [INFO] The email have load 1 list.
2026-03-08 11:57:36,453 [INFO] Checking BreachDirectory for: wan-25@hotmail.com
2026-03-08 11:57:36,890 [ERROR] BreachDirectory API Error for wan-25@hotmail.com: 403 Client Error: Forbidden for url: https://breachdirectory.p.rapidapi.com/?func=auto&term=wan-25%40hotmail.com
2026-03-08 11:57:36,891 [INFO] save the result in output_result.csv successful.
2026-03-08 11:57:36,891 [INFO]  Testing is successful, Check result at output_result.csv
2026-03-08 12:16:00,096 [INFO] --- Begining ALC Risk Assessment Tool System 
2026-03-08 12:16:00,097 [INFO] The email have load 1 list.
2026-03-08 12:16:00,097 [INFO] Checking BreachDirectory for: test@example.com
2026-03-08 12:16:00,542 [ERROR] BreachDirectory API Error for test@example.com: 403 Client Error: Forbidden for url: https://breachdirectory.p.rapidapi.com/?func=auto&term=test%40example.com
2026-03-08 12:16:00,547 [INFO] save the result in output_result.csv successful.
2026-03-08 12:16:00,548 [INFO]  Testing is successful, Check result at output_result.csv
2026-03-08 12:20:01,941 [INFO] --- Begining ALC Risk Assessment Tool System 
2026-03-08 12:20:01,942 [INFO] The email have load 1 list.
2026-03-08 12:20:01,942 [INFO] Checking BreachDirectory for: test@example.com
2026-03-08 12:20:07,109 [ERROR] BreachDirectory API Error for test@example.com: 404 Client Error: Not Found for url: https://breachdirectory.p.rapidapi.com/?func=auto&term=test%40example.com
2026-03-08 12:20:07,115 [INFO] save the result in output_result.csv successful.
2026-03-08 12:20:07,115 [INFO]  Testing is successful, Check result at output_result.csv
2026-03-08 12:32:58,223 [INFO] --- Begining ALC Risk Assessment Tool System 
2026-03-08 12:32:58,224 [INFO] The email have load 1 list.
2026-03-08 12:32:58,224 [INFO] Checking BreachDirectory for: test@example.com
2026-03-08 12:32:58,741 [ERROR] BreachDirectory API Error for test@example.com: 403 Client Error: Forbidden for url: https://breachdirectory.p.rapidapi.com/?func=auto&term=test%40example.com
2026-03-08 12:32:58,747 [INFO] save the result in output_result.csv successful.
2026-03-08 12:32:58,747 [INFO]  Testing is successful, Check result at output_result.csv
2026-03-08 12:36:04,086 [INFO] --- Begining ALC Risk Assessment Tool System 
2026-03-08 12:36:04,088 [INFO] The email have load 1 list.
2026-03-08 12:36:04,088 [INFO] Checking BreachDirectory for: test@example.com
2026-03-08 12:36:09,270 [INFO] save the result in output_result.csv successful.
2026-03-08 12:36:09,270 [INFO]  Testing is successful, Check result at output_result.csv
2026-03-08 12:37:08,125 [INFO] --- Begining ALC Risk Assessment Tool System 
2026-03-08 12:37:08,125 [INFO] The email have load 3 list.
2026-03-08 12:37:08,125 [INFO] Checking BreachDirectory for: mike.catlin@polarcapital.co.uk
2026-03-08 12:37:10,090 [INFO] Checking BreachDirectory for: admin@steel-gamers.ru
2026-03-08 12:37:17,540 [INFO] Checking BreachDirectory for: admin@belfast.ac.uk
2026-03-08 12:37:21,010 [INFO] save the result in output_result.csv successful.
2026-03-08 12:37:21,010 [INFO]  Testing is successful, Check result at output_result.csv
2026-03-08 13:17:35,594 [INFO] --- Begining ALC Risk Assessment Tool System 
2026-03-08 13:17:35,594 [ERROR] error to read file: 'email_address'
2026-03-08 13:17:35,594 [ERROR] Don't have detail of email to tested
2026-03-08 13:19:39,061 [INFO] --- Begining ALC Risk Assessment Tool System 
2026-03-08 13:19:39,061 [INFO] The email have load 4 list.
2026-03-08 13:19:39,062 [INFO] Checking BreachDirectory for: example@example.com
2026-03-08 13:19:42,037 [INFO] Checking BreachDirectory for: mike.catlin@polarcapital.co.uk
2026-03-08 13:19:43,377 [INFO] Checking BreachDirectory for: admin@steel-gamers.ru
2026-03-08 13:19:51,056 [INFO] Checking BreachDirectory for: admin@belfastmet.ac.uk
2026-03-08 13:19:55,772 [INFO] save the result in output_result.csv successful.
2026-03-08 13:19:55,772 [INFO]  Testing is successful, Check result at output_result.csv
2026-03-08 13:41:45,804 [INFO] --- Begining ALC Risk Assessment Tool System 
2026-03-08 13:41:45,806 [INFO] The email have load 4 list.
2026-03-08 13:41:45,806 [INFO] Checking BreachDirectory for: example@example.com
2026-03-08 13:41:50,255 [INFO] Checking BreachDirectory for: mike.catlin@polarcapital.co.uk
2026-03-08 13:41:51,941 [INFO] Checking BreachDirectory for: admin@steel-gamers.ru
2026-03-08 13:41:52,081 [ERROR] BreachDirectory API Error for admin@steel-gamers.ru: 429 Client Error: Too Many Requests for url: https://breachdirectory.p.rapidapi.com/?func=auto&term=admin%40steel-gamers.ru
2026-03-08 13:41:52,083 [INFO] Checking BreachDirectory for: admin@belfastmet.ac.uk
2026-03-08 13:41:52,228 [ERROR] BreachDirectory API Error for admin@belfastmet.ac.uk: 429 Client Error: Too Many Requests for url: https://breachdirectory.p.rapidapi.com/?func=auto&term=admin%40belfastmet.ac.uk
2026-03-08 13:41:52,232 [INFO] save the result in output_result.csv successful.
2026-03-08 13:41:52,232 [INFO]  Testing is successful, Check result at output_result.csv
2026-03-08 13:44:43,146 [INFO] --- Begining ALC Risk Assessment Tool System 
2026-03-08 13:44:43,146 [INFO] The email have load 3 list.
2026-03-08 13:44:43,146 [INFO] Checking BreachDirectory for: example@example.com
2026-03-08 13:44:43,299 [ERROR] BreachDirectory API Error for example@example.com: 429 Client Error: Too Many Requests for url: https://breachdirectory.p.rapidapi.com/?func=auto&term=example%40example.com
2026-03-08 13:44:43,299 [INFO] Checking BreachDirectory for: wan-25@hotmail.com
2026-03-08 13:44:43,423 [ERROR] BreachDirectory API Error for wan-25@hotmail.com: 429 Client Error: Too Many Requests for url: https://breachdirectory.p.rapidapi.com/?func=auto&term=wan-25%40hotmail.com
2026-03-08 13:44:43,424 [INFO] Checking BreachDirectory for: wantanan27@gmail.com
2026-03-08 13:44:43,553 [ERROR] BreachDirectory API Error for wantanan27@gmail.com: 429 Client Error: Too Many Requests for url: https://breachdirectory.p.rapidapi.com/?func=auto&term=wantanan27%40gmail.com
2026-03-08 13:44:43,555 [INFO] save the result in output_result.csv successful.
2026-03-08 13:44:43,555 [INFO]  Testing is successful, Check result at output_result.csv
2026-03-08 13:57:40,534 [INFO] --- Begining ALC Risk Assessment Tool System 
2026-03-08 13:57:40,535 [INFO] The email have load 3 list.
2026-03-08 13:57:40,535 [INFO] Checking BreachDirectory for: example@example.com
2026-03-08 13:57:41,527 [ERROR] BreachDirectory API Error for example@example.com: 429 Client Error: Too Many Requests for url: https://breachdirectory.p.rapidapi.com/?func=auto&term=example%40example.com
2026-03-08 13:57:41,529 [INFO] Checking BreachDirectory for: wan-25@hotmail.com
2026-03-08 13:57:41,672 [ERROR] BreachDirectory API Error for wan-25@hotmail.com: 429 Client Error: Too Many Requests for url: https://breachdirectory.p.rapidapi.com/?func=auto&term=wan-25%40hotmail.com
2026-03-08 13:57:41,674 [INFO] Checking BreachDirectory for: wantanan27@gmail.com
2026-03-08 13:57:41,812 [ERROR] BreachDirectory API Error for wantanan27@gmail.com: 429 Client Error: Too Many Requests for url: https://breachdirectory.p.rapidapi.com/?func=auto&term=wantanan27%40gmail.com
2026-03-08 13:57:41,817 [INFO] save the result in output_result.csv successful.
2026-03-08 13:57:41,817 [INFO]  Testing is successful, Check result at output_result.csv
2026-03-08 14:09:36,258 [INFO] --- Begining ALC Risk Assessment Tool System 
2026-03-08 14:09:36,258 [INFO] The email have load 4 list.
2026-03-08 14:09:36,259 [INFO] Checking BreachDirectory for: example@example.com
2026-03-08 14:09:38,706 [INFO] Checking BreachDirectory for: mike.catlin@polarcapital.co.uk
2026-03-08 14:09:40,067 [INFO] Checking BreachDirectory for: admin@steel-gamers.ru
2026-03-08 14:09:49,815 [INFO] Checking BreachDirectory for: admin@belfastmet.ac.uk
2026-03-08 14:09:54,221 [INFO] save the result in output_result.csv successful.
2026-03-08 14:09:54,221 [INFO]  Testing is successful, Check result at output_result.csv
2026-03-08 14:15:05,366 [INFO] --- Begining ALC Risk Assessment Tool System 
2026-03-08 14:15:05,367 [INFO] The email have load 4 list.
2026-03-08 14:15:05,367 [INFO] Checking BreachDirectory for: example@example.com
2026-03-08 14:15:09,072 [INFO] Checking BreachDirectory for: mike.catlin@polarcapital.co.uk
2026-03-08 14:15:10,642 [INFO] Checking BreachDirectory for: admin@steel-gamers.ru
2026-03-08 14:15:17,707 [INFO] Checking BreachDirectory for: admin@belfastmet.ac.uk
2026-03-08 14:15:20,988 [INFO] save the result in output_result.csv successful.
2026-03-08 14:15:20,989 [INFO]  Testing is successful, Check result at output_result.csv
2026-03-08 15:09:17,231 [INFO] --- Begining ALC Risk Assessment Tool System 
2026-03-08 15:09:17,232 [INFO] The email have load 4 list.
2026-03-08 15:09:17,269 [INFO] Starting async check for 4 email...
2026-03-08 15:09:17,272 [INFO] Checking BreachDirectory for: example@example.com
2026-03-08 15:09:17,272 [ERROR] BreachDirectory API Error for example@example.com: Cannot send a request, as the client has been closed.
2026-03-08 15:09:17,272 [INFO] Checking BreachDirectory for: mike.catlin@polarcapital.co.uk
2026-03-08 15:09:17,272 [ERROR] BreachDirectory API Error for mike.catlin@polarcapital.co.uk: Cannot send a request, as the client has been closed.
2026-03-08 15:09:17,272 [INFO] Checking BreachDirectory for: admin@steel-gamers.ru
2026-03-08 15:09:17,272 [ERROR] BreachDirectory API Error for admin@steel-gamers.ru: Cannot send a request, as the client has been closed.
2026-03-08 15:09:17,272 [INFO] Checking BreachDirectory for: admin@belfastmet.ac.uk
2026-03-08 15:09:17,273 [ERROR] BreachDirectory API Error for admin@belfastmet.ac.uk: Cannot send a request, as the client has been closed.
2026-03-08 15:09:17,273 [INFO] save the result in output_result.csv successful.
2026-03-08 15:09:17,273 [INFO]  Testing is successful, Check result at output_result.csv
2026-03-08 15:20:01,269 [INFO] --- Begining ALC Risk Assessment Tool System 
2026-03-08 15:20:01,269 [INFO] The email have load 4 list.
2026-03-08 15:20:01,308 [INFO] Starting async check for 4 email...
2026-03-08 15:20:01,309 [INFO] Checking BreachDirectory for: example@example.com
2026-03-08 15:20:01,313 [INFO] Checking BreachDirectory for: mike.catlin@polarcapital.co.uk
2026-03-08 15:20:01,314 [INFO] Checking BreachDirectory for: admin@steel-gamers.ru
2026-03-08 15:20:01,314 [INFO] Checking BreachDirectory for: admin@belfastmet.ac.uk
2026-03-08 15:20:01,481 [INFO] HTTP Request: GET https://breachdirectory.p.rapidapi.com/?func=auto&term=mike.catlin%40polarcapital.co.uk "HTTP/1.1 429 Too Many Requests"
2026-03-08 15:20:01,481 [ERROR] BreachDirectory API Error for mike.catlin@polarcapital.co.uk: Client error '429 Too Many Requests' for url 'https://breachdirectory.p.rapidapi.com/?func=auto&term=mike.catlin%40polarcapital.co.uk'
For more information check: https://developer.mozilla.org/en-US/docs/Web/HTTP/Status/429
2026-03-08 15:20:01,673 [INFO] HTTP Request: GET https://breachdirectory.p.rapidapi.com/?func=auto&term=admin%40steel-gamers.ru "HTTP/1.1 307 Temporary Redirect"
2026-03-08 15:20:01,675 [ERROR] BreachDirectory API Error for admin@steel-gamers.ru: Redirect response '307 Temporary Redirect' for url 'https://breachdirectory.p.rapidapi.com/?func=auto&term=admin%40steel-gamers.ru'
Redirect location: 'https://api.breachdirectory.org/rapidapi-IscustemTaingtowItrionne?func=auto&term=admin%40steel-gamers.ru'
For more information check: https://developer.mozilla.org/en-US/docs/Web/HTTP/Status/307
2026-03-08 15:20:01,680 [INFO] HTTP Request: GET https://breachdirectory.p.rapidapi.com/?func=auto&term=example%40example.com "HTTP/1.1 307 Temporary Redirect"
2026-03-08 15:20:01,681 [ERROR] BreachDirectory API Error for example@example.com: Redirect response '307 Temporary Redirect' for url 'https://breachdirectory.p.rapidapi.com/?func=auto&term=example%40example.com'
Redirect location: 'https://api.breachdirectory.org/rapidapi-IscustemTaingtowItrionne?func=auto&term=example%40example.com'
For more information check: https://developer.mozilla.org/en-US/docs/Web/HTTP/Status/307
2026-03-08 15:20:01,728 [INFO] HTTP Request: GET https://breachdirectory.p.rapidapi.com/?func=auto&term=admin%40belfastmet.ac.uk "HTTP/1.1 307 Temporary Redirect"
2026-03-08 15:20:01,729 [ERROR] BreachDirectory API Error for admin@belfastmet.ac.uk: Redirect response '307 Temporary Redirect' for url 'https://breachdirectory.p.rapidapi.com/?func=auto&term=admin%40belfastmet.ac.uk'
Redirect location: 'https://api.breachdirectory.org/rapidapi-IscustemTaingtowItrionne?func=auto&term=admin%40belfastmet.ac.uk'
For more information check: https://developer.mozilla.org/en-US/docs/Web/HTTP/Status/307
2026-03-08 15:20:01,730 [INFO] save the result in output_result.csv successful.
2026-03-08 15:20:01,730 [INFO]  Testing is successful, Check result at output_result.csv
2026-03-08 19:26:31,794 [INFO] --- Begining ALC Risk Assessment Tool System 
2026-03-08 19:26:31,794 [INFO] The email have load 4 list.
2026-03-08 19:26:31,847 [INFO] Starting async check for 4 email...
2026-03-08 19:26:31,848 [INFO] Checking BreachDirectory for: example@example.com
2026-03-08 19:26:31,853 [INFO] Checking BreachDirectory for: mike.catlin@polarcapital.co.uk
2026-03-08 19:26:31,853 [INFO] Checking BreachDirectory for: admin@steel-gamers.ru
2026-03-08 19:26:31,854 [INFO] Checking BreachDirectory for: admin@belfastmet.ac.uk
2026-03-08 19:26:32,003 [INFO] HTTP Request: GET https://breachdirectory.p.rapidapi.com/?func=auto&term=admin%40belfastmet.ac.uk "HTTP/1.1 429 Too Many Requests"
2026-03-08 19:26:32,004 [ERROR] BreachDirectory API Error for admin@belfastmet.ac.uk: Client error '429 Too Many Requests' for url 'https://breachdirectory.p.rapidapi.com/?func=auto&term=admin%40belfastmet.ac.uk'
For more information check: https://developer.mozilla.org/en-US/docs/Web/HTTP/Status/429
2026-03-08 19:26:32,198 [INFO] HTTP Request: GET https://breachdirectory.p.rapidapi.com/?func=auto&term=example%40example.com "HTTP/1.1 307 Temporary Redirect"
2026-03-08 19:26:32,256 [INFO] HTTP Request: GET https://breachdirectory.p.rapidapi.com/?func=auto&term=mike.catlin%40polarcapital.co.uk "HTTP/1.1 307 Temporary Redirect"
2026-03-08 19:26:32,266 [INFO] HTTP Request: GET https://breachdirectory.p.rapidapi.com/?func=auto&term=admin%40steel-gamers.ru "HTTP/1.1 307 Temporary Redirect"
2026-03-08 19:26:33,769 [INFO] HTTP Request: GET https://api.breachdirectory.org/rapidapi-IscustemTaingtowItrionne?func=auto&term=mike.catlin%40polarcapital.co.uk "HTTP/1.1 200 OK"
2026-03-08 19:26:33,816 [INFO] HTTP Request: GET https://api.breachdirectory.org/rapidapi-IscustemTaingtowItrionne?func=auto&term=admin%40steel-gamers.ru "HTTP/1.1 200 OK"
2026-03-08 19:26:35,429 [INFO] HTTP Request: GET https://breachdirectory-backend.onrender.com/rapidapi-IscustemTaingtowItrionne?func=auto&term=example%40example.com "HTTP/1.1 200 OK"
2026-03-08 19:26:35,494 [INFO] save the result in output_result.csv successful.
2026-03-08 19:26:35,494 [INFO]  Testing is successful, Check result at output_result.csv
2026-03-08 19:29:12,700 [INFO] --- Begining ALC Risk Assessment Tool System 
2026-03-08 19:29:12,700 [INFO] The email have load 4 list.
2026-03-08 19:29:12,739 [INFO] Starting async check for 4 email...
2026-03-08 19:29:12,739 [INFO] Checking BreachDirectory for: example@example.com
2026-03-08 19:29:12,742 [INFO] Checking BreachDirectory for: mike.catlin@polarcapital.co.uk
2026-03-08 19:29:12,742 [INFO] Checking BreachDirectory for: admin@steel-gamers.ru
2026-03-08 19:29:12,743 [INFO] Checking BreachDirectory for: admin@belfastmet.ac.uk
2026-03-08 19:29:13,067 [INFO] HTTP Request: GET https://breachdirectory.p.rapidapi.com/?func=auto&term=admin%40steel-gamers.ru "HTTP/1.1 307 Temporary Redirect"
2026-03-08 19:29:13,071 [INFO] HTTP Request: GET https://breachdirectory.p.rapidapi.com/?func=auto&term=mike.catlin%40polarcapital.co.uk "HTTP/1.1 307 Temporary Redirect"
2026-03-08 19:29:13,072 [INFO] HTTP Request: GET https://breachdirectory.p.rapidapi.com/?func=auto&term=admin%40belfastmet.ac.uk "HTTP/1.1 307 Temporary Redirect"
2026-03-08 19:29:13,088 [INFO] HTTP Request: GET https://breachdirectory.p.rapidapi.com/?func=auto&term=example%40example.com "HTTP/1.1 307 Temporary Redirect"
2026-03-08 19:29:14,684 [INFO] HTTP Request: GET https://breachdirectory-backend.onrender.com/rapidapi-IscustemTaingtowItrionne?func=auto&term=admin%40belfastmet.ac.uk "HTTP/1.1 200 OK"
2026-03-08 19:29:14,710 [INFO] HTTP Request: GET https://breachdirectory-backend.onrender.com/rapidapi-IscustemTaingtowItrionne?func=auto&term=admin%40steel-gamers.ru "HTTP/1.1 200 OK"
2026-03-08 19:29:14,884 [INFO] HTTP Request: GET https://api.breachdirectory.org/rapidapi-IscustemTaingtowItrionne?func=auto&term=example%40example.com "HTTP/1.1 200 OK"
2026-03-08 19:29:14,891 [INFO] HTTP Request: GET https://breachdirectory-backend.onrender.com/rapidapi-IscustemTaingtowItrionne?func=auto&term=mike.catlin%40polarcapital.co.uk "HTTP/1.1 200 OK"
2026-03-08 19:29:14,895 [INFO] save the result in output_result.csv successful.
2026-03-08 19:29:14,895 [INFO]  Testing is successful, Check result at output_result.csv
2026-03-08 19:56:24,514 [INFO] --- Begining ALC Risk Assessment Tool System 
2026-03-08 19:56:24,515 [INFO] The email have load 4 list.
2026-03-08 19:56:24,570 [INFO] Starting async check for 4 email...
2026-03-08 19:56:24,570 [INFO] Checking BreachDirectory for: example@example.com
2026-03-08 19:56:24,574 [INFO] Checking BreachDirectory for: mike.catlin@polarcapital.co.uk
2026-03-08 19:56:24,575 [INFO] Checking BreachDirectory for: admin@steel-gamers.ru
2026-03-08 19:56:24,575 [INFO] Checking BreachDirectory for: admin@belfastmet.ac.uk
2026-03-08 19:56:24,720 [INFO] HTTP Request: GET https://breachdirectory.p.rapidapi.com/?func=auto&term=admin%40belfastmet.ac.uk "HTTP/1.1 429 Too Many Requests"
2026-03-08 19:56:24,720 [ERROR] BreachDirectory API Error for admin@belfastmet.ac.uk: Client error '429 Too Many Requests' for url 'https://breachdirectory.p.rapidapi.com/?func=auto&term=admin%40belfastmet.ac.uk'
For more information check: https://developer.mozilla.org/en-US/docs/Web/HTTP/Status/429
2026-03-08 19:56:24,938 [INFO] HTTP Request: GET https://breachdirectory.p.rapidapi.com/?func=auto&term=example%40example.com "HTTP/1.1 307 Temporary Redirect"
2026-03-08 19:56:24,941 [INFO] HTTP Request: GET https://breachdirectory.p.rapidapi.com/?func=auto&term=mike.catlin%40polarcapital.co.uk "HTTP/1.1 307 Temporary Redirect"
2026-03-08 19:56:25,461 [INFO] HTTP Request: GET https://breachdirectory.p.rapidapi.com/?func=auto&term=admin%40steel-gamers.ru "HTTP/1.1 307 Temporary Redirect"
2026-03-08 19:56:26,184 [INFO] HTTP Request: GET https://api.breachdirectory.org/rapidapi-IscustemTaingtowItrionne?func=auto&term=mike.catlin%40polarcapital.co.uk "HTTP/1.1 200 OK"
2026-03-08 19:56:26,286 [INFO] HTTP Request: GET https://breachdirectory-backend.onrender.com/rapidapi-IscustemTaingtowItrionne?func=auto&term=example%40example.com "HTTP/1.1 200 OK"
2026-03-08 19:56:29,162 [INFO] HTTP Request: GET https://breachdirectory-backend.onrender.com/rapidapi-IscustemTaingtowItrionne?func=auto&term=admin%40steel-gamers.ru "HTTP/1.1 200 OK"
2026-03-08 19:56:29,168 [INFO] save the result in output_result.csv successful.
2026-03-08 19:56:29,168 [INFO]  Testing is successful, Check result at output_result.csv
2026-03-08 20:05:21,109 [INFO] --- Begining ALC Risk Assessment Tool System 
2026-03-08 20:05:21,110 [INFO] The email have load 4 list.
2026-03-08 20:05:21,163 [INFO] Starting async check for 4 email...
2026-03-08 20:05:21,163 [INFO] Checking BreachDirectory for: example@example.com
2026-03-08 20:05:21,167 [INFO] Checking BreachDirectory for: mike.catlin@polarcapital.co.uk
2026-03-08 20:05:21,168 [INFO] Checking BreachDirectory for: admin@steel-gamers.ru
2026-03-08 20:05:21,168 [INFO] Checking BreachDirectory for: admin@belfastmet.ac.uk
2026-03-08 20:05:21,290 [INFO] HTTP Request: GET https://breachdirectory.p.rapidapi.com/?func=auto&term=example%40example.com "HTTP/1.1 429 Too Many Requests"
2026-03-08 20:05:21,290 [ERROR] BreachDirectory API Error for example@example.com: Client error '429 Too Many Requests' for url 'https://breachdirectory.p.rapidapi.com/?func=auto&term=example%40example.com'
For more information check: https://developer.mozilla.org/en-US/docs/Web/HTTP/Status/429
2026-03-08 20:05:21,474 [INFO] HTTP Request: GET https://breachdirectory.p.rapidapi.com/?func=auto&term=admin%40steel-gamers.ru "HTTP/1.1 307 Temporary Redirect"
2026-03-08 20:05:21,477 [INFO] HTTP Request: GET https://breachdirectory.p.rapidapi.com/?func=auto&term=mike.catlin%40polarcapital.co.uk "HTTP/1.1 307 Temporary Redirect"
2026-03-08 20:05:21,478 [INFO] HTTP Request: GET https://breachdirectory.p.rapidapi.com/?func=auto&term=admin%40belfastmet.ac.uk "HTTP/1.1 307 Temporary Redirect"
2026-03-08 20:05:22,974 [INFO] HTTP Request: GET https://breachdirectory-backend.onrender.com/rapidapi-IscustemTaingtowItrionne?func=auto&term=admin%40belfastmet.ac.uk "HTTP/1.1 200 OK"
2026-03-08 20:05:23,016 [INFO] HTTP Request: GET https://api.breachdirectory.org/rapidapi-IscustemTaingtowItrionne?func=auto&term=admin%40steel-gamers.ru "HTTP/1.1 200 OK"
2026-03-08 20:05:23,071 [INFO] HTTP Request: GET https://breachdirectory-backend.onrender.com/rapidapi-IscustemTaingtowItrionne?func=auto&term=mike.catlin%40polarcapital.co.uk "HTTP/1.1 200 OK"
2026-03-08 20:05:23,076 [INFO] save the result in output_result.csv successful.
2026-03-08 20:05:23,076 [INFO]  Testing is successful, Check result at output_result.csv
2026-03-09 00:02:27,432 [INFO] --- Begining ALC Risk Assessment Tool System 
2026-03-09 00:02:27,433 [INFO] The email have load 4 list.
2026-03-09 00:02:27,476 [INFO] Starting async check for 4 email...
2026-03-09 00:02:27,476 [INFO] Checking BreachDirectory for: example@example.com
2026-03-09 00:02:27,480 [INFO] Checking BreachDirectory for: mike.catlin@polarcapital.co.uk
2026-03-09 00:02:27,481 [INFO] Checking BreachDirectory for: admin@steel-gamers.ru
2026-03-09 00:02:27,481 [INFO] Checking BreachDirectory for: admin@belfastmet.ac.uk
2026-03-09 00:02:27,611 [INFO] HTTP Request: GET https://breachdirectory.p.rapidapi.com/?func=auto&term=admin%40belfastmet.ac.uk "HTTP/1.1 429 Too Many Requests"
2026-03-09 00:02:27,611 [ERROR] BreachDirectory API Error for admin@belfastmet.ac.uk: Client error '429 Too Many Requests' for url 'https://breachdirectory.p.rapidapi.com/?func=auto&term=admin%40belfastmet.ac.uk'
For more information check: https://developer.mozilla.org/en-US/docs/Web/HTTP/Status/429
2026-03-09 00:02:27,848 [INFO] HTTP Request: GET https://breachdirectory.p.rapidapi.com/?func=auto&term=admin%40steel-gamers.ru "HTTP/1.1 307 Temporary Redirect"
2026-03-09 00:02:27,873 [INFO] HTTP Request: GET https://breachdirectory.p.rapidapi.com/?func=auto&term=example%40example.com "HTTP/1.1 307 Temporary Redirect"
2026-03-09 00:02:28,172 [INFO] HTTP Request: GET https://breachdirectory.p.rapidapi.com/?func=auto&term=mike.catlin%40polarcapital.co.uk "HTTP/1.1 307 Temporary Redirect"
2026-03-09 00:02:28,955 [INFO] HTTP Request: GET https://breachdirectory-backend.onrender.com/rapidapi-IscustemTaingtowItrionne?func=auto&term=admin%40steel-gamers.ru "HTTP/1.1 200 OK"
2026-03-09 00:02:30,267 [INFO] HTTP Request: GET https://api.breachdirectory.org/rapidapi-IscustemTaingtowItrionne?func=auto&term=example%40example.com "HTTP/1.1 200 OK"
2026-03-09 00:02:30,511 [INFO] HTTP Request: GET https://breachdirectory-backend.onrender.com/rapidapi-IscustemTaingtowItrionne?func=auto&term=mike.catlin%40polarcapital.co.uk "HTTP/1.1 200 OK"
2026-03-09 00:02:30,517 [INFO] save the result in output_result.csv successful.
2026-03-09 00:02:30,517 [INFO]  Testing is successful, Check result at output_result.csv
2026-03-09 00:03:40,712 [INFO] --- Begining ALC Risk Assessment Tool System 
2026-03-09 00:03:40,713 [INFO] The email have load 4 list.
2026-03-09 00:03:40,760 [INFO] Starting async check for 4 email...
2026-03-09 00:03:40,760 [INFO] Checking BreachDirectory for: example@example.com
2026-03-09 00:03:40,764 [INFO] Checking BreachDirectory for: mike.catlin@polarcapital.co.uk
2026-03-09 00:03:40,764 [INFO] Checking BreachDirectory for: admin@steel-gamers.ru
2026-03-09 00:03:40,764 [INFO] Checking BreachDirectory for: admin@belfastmet.ac.uk
2026-03-09 00:03:40,938 [INFO] HTTP Request: GET https://breachdirectory.p.rapidapi.com/?func=auto&term=example%40example.com "HTTP/1.1 429 Too Many Requests"
2026-03-09 00:03:40,939 [ERROR] BreachDirectory API Error for example@example.com: Client error '429 Too Many Requests' for url 'https://breachdirectory.p.rapidapi.com/?func=auto&term=example%40example.com'
For more information check: https://developer.mozilla.org/en-US/docs/Web/HTTP/Status/429
2026-03-09 00:03:41,129 [INFO] HTTP Request: GET https://breachdirectory.p.rapidapi.com/?func=auto&term=admin%40belfastmet.ac.uk "HTTP/1.1 307 Temporary Redirect"
2026-03-09 00:03:41,133 [INFO] HTTP Request: GET https://breachdirectory.p.rapidapi.com/?func=auto&term=admin%40steel-gamers.ru "HTTP/1.1 307 Temporary Redirect"
2026-03-09 00:03:41,135 [INFO] HTTP Request: GET https://breachdirectory.p.rapidapi.com/?func=auto&term=mike.catlin%40polarcapital.co.uk "HTTP/1.1 307 Temporary Redirect"
2026-03-09 00:03:42,587 [INFO] HTTP Request: GET https://api.breachdirectory.org/rapidapi-IscustemTaingtowItrionne?func=auto&term=admin%40belfastmet.ac.uk "HTTP/1.1 200 OK"
2026-03-09 00:03:42,641 [INFO] HTTP Request: GET https://api.breachdirectory.org/rapidapi-IscustemTaingtowItrionne?func=auto&term=mike.catlin%40polarcapital.co.uk "HTTP/1.1 200 OK"
2026-03-09 00:03:51,262 [INFO] HTTP Request: GET https://api.breachdirectory.org/rapidapi-IscustemTaingtowItrionne?func=auto&term=admin%40steel-gamers.ru "HTTP/1.1 200 OK"
2026-03-09 00:03:51,265 [INFO] save the result in output_result.csv successful.
2026-03-09 00:03:51,265 [INFO]  Testing is successful, Check result at output_result.csv
